Archive member included because of file (symbol)

c:/skuksenk/tools/emblocks/share/em_armgcc/bin/../lib/gcc/arm-none-eabi/4.7.3/../../../../arm-none-eabi/lib/armv7-m\libc_n.a(lib_a-exit.o)
                              c:/skuksenk/tools/emblocks/share/em_armgcc/bin/../lib/gcc/arm-none-eabi/4.7.3/../../../../arm-none-eabi/lib/armv7-m/crt0.o (exit)
c:/skuksenk/tools/emblocks/share/em_armgcc/bin/../lib/gcc/arm-none-eabi/4.7.3/../../../../arm-none-eabi/lib/armv7-m\libc_n.a(lib_a-impure.o)
                              c:/skuksenk/tools/emblocks/share/em_armgcc/bin/../lib/gcc/arm-none-eabi/4.7.3/../../../../arm-none-eabi/lib/armv7-m\libc_n.a(lib_a-exit.o) (_global_impure_ptr)
c:/skuksenk/tools/emblocks/share/em_armgcc/bin/../lib/gcc/arm-none-eabi/4.7.3/../../../../arm-none-eabi/lib/armv7-m\libc_n.a(lib_a-init.o)
                              c:/skuksenk/tools/emblocks/share/em_armgcc/bin/../lib/gcc/arm-none-eabi/4.7.3/../../../../arm-none-eabi/lib/armv7-m/crt0.o (__libc_init_array)
c:/skuksenk/tools/emblocks/share/em_armgcc/bin/../lib/gcc/arm-none-eabi/4.7.3/../../../../arm-none-eabi/lib/armv7-m\libc_n.a(lib_a-memcpy-stub.o)
                              obj\debug\src\xbee.o (memcpy)
c:/skuksenk/tools/emblocks/share/em_armgcc/bin/../lib/gcc/arm-none-eabi/4.7.3/../../../../arm-none-eabi/lib/armv7-m\libc_n.a(lib_a-memset.o)
                              c:/skuksenk/tools/emblocks/share/em_armgcc/bin/../lib/gcc/arm-none-eabi/4.7.3/../../../../arm-none-eabi/lib/armv7-m/crt0.o (memset)
c:/skuksenk/tools/emblocks/share/em_armgcc/bin/../lib/gcc/arm-none-eabi/4.7.3/../../../../arm-none-eabi/lib/armv7-m\libc_n.a(lib_a-strlen.o)
                              obj\debug\src\main.o (strlen)
c:/skuksenk/tools/emblocks/share/em_armgcc/bin/../lib/gcc/arm-none-eabi/4.7.3/../../../../arm-none-eabi/lib/armv7-m\libnosys.a(_exit.o)
                              c:/skuksenk/tools/emblocks/share/em_armgcc/bin/../lib/gcc/arm-none-eabi/4.7.3/../../../../arm-none-eabi/lib/armv7-m\libc_n.a(lib_a-exit.o) (_exit)

Allocating common symbols
Common symbol       size              file

Params              0x4               obj\debug\src\main.o
Buf_Tx              0x2               obj\debug\src\main.o
I2C2_rx_msg_queue   0x4               obj\debug\src\i2c.o
cur_tx_message      0xc               obj\debug\src\xbee.o
strResult1          0x1b              obj\debug\src\main.o
XBMutex             0x4               obj\debug\src\main.o
I2C1_Mutex          0x4               obj\debug\src\i2c.o
tx_frame            0x8               obj\debug\src\xbee.o
xb_rx_msg_queue     0x4               obj\debug\src\xbee.o
I2C2_DataFrame      0x10              obj\debug\src\i2c.o
I2C2_Mutex          0x4               obj\debug\src\i2c.o
I2C1_rx_msg_queue   0x4               obj\debug\src\i2c.o
rx_frame            0x8               obj\debug\src\xbee.o
xb_tx_msg_queue     0x4               obj\debug\src\xbee.o
xb_tx_buffer        0x6e              obj\debug\src\xbee.o
XB_send_Semaphore   0x4               obj\debug\src\xbee.o
xb_received_frames  0x4               obj\debug\src\xbee.o
SonarMutex          0x4               obj\debug\src\main.o
I2C1_DataFrame      0x10              obj\debug\src\i2c.o

Discarded input sections

 .text          0x00000000        0x0 c:/skuksenk/tools/emblocks/share/em_armgcc/bin/../lib/gcc/arm-none-eabi/4.7.3/armv7-m/crti.o
 .data          0x00000000        0x0 c:/skuksenk/tools/emblocks/share/em_armgcc/bin/../lib/gcc/arm-none-eabi/4.7.3/armv7-m/crti.o
 .bss           0x00000000        0x0 c:/skuksenk/tools/emblocks/share/em_armgcc/bin/../lib/gcc/arm-none-eabi/4.7.3/armv7-m/crti.o
 .data          0x00000000        0x4 c:/skuksenk/tools/emblocks/share/em_armgcc/bin/../lib/gcc/arm-none-eabi/4.7.3/armv7-m/crtbegin.o
 .data          0x00000000        0x0 c:/skuksenk/tools/emblocks/share/em_armgcc/bin/../lib/gcc/arm-none-eabi/4.7.3/../../../../arm-none-eabi/lib/armv7-m/crt0.o
 .bss           0x00000000        0x0 c:/skuksenk/tools/emblocks/share/em_armgcc/bin/../lib/gcc/arm-none-eabi/4.7.3/../../../../arm-none-eabi/lib/armv7-m/crt0.o
 .ARM.extab     0x00000000        0x0 c:/skuksenk/tools/emblocks/share/em_armgcc/bin/../lib/gcc/arm-none-eabi/4.7.3/../../../../arm-none-eabi/lib/armv7-m/crt0.o
 .group         0x00000000        0x8 obj\debug\src\i2c.o
 .group         0x00000000        0x8 obj\debug\src\i2c.o
 .group         0x00000000        0x8 obj\debug\src\i2c.o
 .group         0x00000000        0x8 obj\debug\src\i2c.o
 .group         0x00000000        0x8 obj\debug\src\i2c.o
 .group         0x00000000        0x8 obj\debug\src\i2c.o
 .group         0x00000000        0x8 obj\debug\src\i2c.o
 .group         0x00000000        0x8 obj\debug\src\i2c.o
 .group         0x00000000        0x8 obj\debug\src\i2c.o
 .group         0x00000000        0x8 obj\debug\src\i2c.o
 .group         0x00000000        0x8 obj\debug\src\i2c.o
 .group         0x00000000        0x8 obj\debug\src\i2c.o
 .group         0x00000000        0x8 obj\debug\src\i2c.o
[...]
Memory Configuration

Name             Origin             Length             Attributes
ROM              0x08000000         0x00020000         xr
RAM              0x20000000         0x00005000         xrw
*default*        0x00000000         0xffffffff

Linker script and memory map

LOAD c:/skuksenk/tools/emblocks/share/em_armgcc/bin/../lib/gcc/arm-none-eabi/4.7.3/armv7-m/crti.o
LOAD c:/skuksenk/tools/emblocks/share/em_armgcc/bin/../lib/gcc/arm-none-eabi/4.7.3/armv7-m/crtbegin.o
LOAD c:/skuksenk/tools/emblocks/share/em_armgcc/bin/../lib/gcc/arm-none-eabi/4.7.3/../../../../arm-none-eabi/lib/armv7-m/crt0.o
                0x00000000                __HEAP_SIZE = 0x0
                0x00000100                __STACK_SIZE = 0x100

.text           0x08000000     0x4830
 *(.isr_vector)
 .isr_vector    0x08000000       0xec obj\debug\src\startup_stm32f10x_md.o
                0x08000000                __isr_vector
 *(.text*)
 .text          0x080000ec       0x54 c:/skuksenk/tools/emblocks/share/em_armgcc/bin/../lib/gcc/arm-none-eabi/4.7.3/armv7-m/crtbegin.o
 .text          0x08000140       0x74 c:/skuksenk/tools/emblocks/share/em_armgcc/bin/../lib/gcc/arm-none-eabi/4.7.3/../../../../arm-none-eabi/lib/armv7-m/crt0.o
                0x08000140                _start
                0x08000140                _mainCRTStartup
 .text.NVIC_EnableIRQ
                0x080001b4       0x38 obj\debug\src\i2c.o
 .text.I2Cx_EV_IRQHandler
                0x080001ec      0x2e8 obj\debug\src\i2c.o
                0x080001ec                I2Cx_EV_IRQHandler
 .text.I2C1_EV_IRQHandler
                0x080004d4       0x30 obj\debug\src\i2c.o
                0x080004d4                I2C1_EV_IRQHandler
 .text.I2C2_EV_IRQHandler
                0x08000504       0x30 obj\debug\src\i2c.o
                0x08000504                I2C2_EV_IRQHandler
 .text.I2C_init
                0x08000534      0x280 obj\debug\src\i2c.o
                0x08000534                I2C_init
 .text.I2C_Write
                0x080007b4       0x88 obj\debug\src\i2c.o
                0x080007b4                I2C_Write
 .text.I2C_Read
                0x0800083c       0xa4 obj\debug\src\i2c.o
                0x0800083c                I2C_Read
 .text.NVIC_EnableIRQ
                0x080008e0       0x38 obj\debug\src\xbee.o
 .text.NVIC_SetPriority
                0x08000918       0x5c obj\debug\src\xbee.o
 .text.CalcCheckSumm
                0x08000974       0x58 obj\debug\src\xbee.o
                0x08000974                CalcCheckSumm
 .text.IsCheckSummCorrect
                0x080009cc       0x5c obj\debug\src\xbee.o
                0x080009cc                IsCheckSummCorrect
 .text.XB_StartDMA_RX
                0x08000a28       0x78 obj\debug\src\xbee.o
                0x08000a28                XB_StartDMA_RX
 .text.XB_StartDMA_TX
                0x08000aa0       0x78 obj\debug\src\xbee.o
                0x08000aa0                XB_StartDMA_TX
 .text.XB_RCC_Configuration
                0x08000b18       0x3c obj\debug\src\xbee.o
                0x08000b18                XB_RCC_Configuration
 .text.XB_GPIO_Configuration
                0x08000b54       0x9c obj\debug\src\xbee.o
                0x08000b54                XB_GPIO_Configuration
 .text.DMA1_Channel7_IRQHandler
                0x08000bf0       0xb0 obj\debug\src\xbee.o
                0x08000bf0                DMA1_Channel7_IRQHandler
 .text.DMA1_Channel6_IRQHandler
                0x08000ca0      0x144 obj\debug\src\xbee.o
                0x08000ca0                DMA1_Channel6_IRQHandler
 .text.USART2_IRQHandler
                0x08000de4      0x198 obj\debug\src\xbee.o
                0x08000de4                USART2_IRQHandler
 .text.XB_USART_TX_DMA_Init
                0x08000f7c      0x14c obj\debug\src\xbee.o
                0x08000f7c                XB_USART_TX_DMA_Init
 .text.XB_USART_RX_DMA_Init
                0x080010c8      0x134 obj\debug\src\xbee.o
                0x080010c8                XB_USART_RX_DMA_Init
 .text.XB_RxPackParser
                0x080011fc      0x1fc obj\debug\src\xbee.o
                0x080011fc                XB_RxPackParser
 .text.XB_Sender
                0x080013f8      0x39c obj\debug\src\xbee.o
                0x080013f8                XB_Sender
 .text.XB_init  0x08001794      0x1cc obj\debug\src\xbee.o
                0x08001794                XB_init
 .text.XB_send_data
                0x08001960       0xb8 obj\debug\src\xbee.o
                0x08001960                XB_send_data
 .text.mag_init
                0x08001a18      0x158 obj\debug\src\main.o
                0x08001a18                mag_init
 .text.accel_init
                0x08001b70       0xb0 obj\debug\src\main.o
                0x08001b70                accel_init
 .text.gyro_init
                0x08001c20      0x158 obj\debug\src\main.o
                0x08001c20                gyro_init
 .text.I2C_error
                0x08001d78       0x74 obj\debug\src\main.o
                0x08001d78                I2C_error
 .text.SensorsRead
                0x08001dec      0x39c obj\debug\src\main.o
                0x08001dec                SensorsRead
 .text.Blink2   0x08002188       0x60 obj\debug\src\main.o
                0x08002188                Blink2
 .text.CommandParcer
                0x080021e8       0xf4 obj\debug\src\main.o
                0x080021e8                CommandParcer
 .text.Sonar    0x080022dc      0x260 obj\debug\src\main.o
                0x080022dc                Sonar
 .text.ServoInit
                0x0800253c      0x154 obj\debug\src\main.o
                0x0800253c                ServoInit
 .text.main     0x08002690      0x29c obj\debug\src\main.o
                0x08002690                main
 .text          0x0800292c       0xb8 obj\debug\src\startup_stm32f10x_md.o
                0x0800292c                Reset_Handler
                0x08002984                Default_Handler
                0x08002986                WWDG_IRQHandler
                0x08002988                PVD_IRQHandler
                0x0800298a                TAMPER_IRQHandler
                0x0800298c                RTC_IRQHandler
                0x0800298e                FLASH_IRQHandler
                0x08002990                RCC_IRQHandler
                0x08002992                EXTI0_IRQHandler
                0x08002994                EXTI1_IRQHandler
                0x08002996                EXTI2_IRQHandler
                0x08002998                EXTI3_IRQHandler
                0x0800299a                EXTI4_IRQHandler
                0x0800299c                DMA1_Channel1_IRQHandler
                0x0800299e                DMA1_Channel2_IRQHandler
                0x080029a0                DMA1_Channel3_IRQHandler
                0x080029a2                DMA1_Channel4_IRQHandler
                0x080029a4                DMA1_Channel5_IRQHandler
                0x080029aa                ADC1_2_IRQHandler
                0x080029ac                USB_HP_CAN1_TX_IRQHandler
                0x080029ae                USB_LP_CAN1_RX0_IRQHandler
                0x080029b0                CAN1_RX1_IRQHandler
                0x080029b2                CAN1_SCE_IRQHandler
                0x080029b4                EXTI9_5_IRQHandler
                0x080029b6                TIM1_BRK_IRQHandler
                0x080029b8                TIM1_UP_IRQHandler
                0x080029ba                TIM1_TRG_COM_IRQHandler
                0x080029bc                TIM1_CC_IRQHandler
                0x080029be                TIM2_IRQHandler
                0x080029c0                TIM3_IRQHandler
                0x080029c2                TIM4_IRQHandler
                0x080029c6                I2C1_ER_IRQHandler
                0x080029ca                I2C2_ER_IRQHandler
                0x080029cc                SPI1_IRQHandler
                0x080029ce                SPI2_IRQHandler
                0x080029d0                USART1_IRQHandler
                0x080029d4                USART3_IRQHandler
                0x080029d6                EXTI15_10_IRQHandler
                0x080029d8                RTCAlarm_IRQHandler
                0x080029da                USBWakeUp_IRQHandler
 .text.prvGetRegistersFromStack
                0x080029e4       0x3c obj\debug\src\stm32f10x_it.o
                0x080029e4                prvGetRegistersFromStack
 .text.NMI_Handler
                0x08002a20        0xc obj\debug\src\stm32f10x_it.o
                0x08002a20                NMI_Handler
 .text.HardFault_Handler
                0x08002a2c       0x18 obj\debug\src\stm32f10x_it.o
                0x08002a2c                HardFault_Handler
 .text.MemManage_Handler
                0x08002a44        0x8 obj\debug\src\stm32f10x_it.o
                0x08002a44                MemManage_Handler
 .text.BusFault_Handler
                0x08002a4c        0x8 obj\debug\src\stm32f10x_it.o
                0x08002a4c                BusFault_Handler
 .text.UsageFault_Handler
                0x08002a54        0x8 obj\debug\src\stm32f10x_it.o
                0x08002a54                UsageFault_Handler
 .text.DebugMon_Handler
                0x08002a5c        0xc obj\debug\src\stm32f10x_it.o
                0x08002a5c                DebugMon_Handler
 .text.SystemInit
                0x08002a68       0xa8 obj\debug\src\system_stm32f10x.o
                0x08002a68                SystemInit
 .text.SetSysClock
                0x08002b10        0xc obj\debug\src\system_stm32f10x.o
 .text.SetSysClockTo72
                0x08002b1c      0x1ac obj\debug\src\system_stm32f10x.o
 .text.vListInitialise
                0x08002cc8       0x40 obj\debug\~#\lib\freertosv8.0.1\freertos\source\list.o
                0x08002cc8                vListInitialise
 .text.vListInitialiseItem
                0x08002d08       0x1c obj\debug\~#\lib\freertosv8.0.1\freertos\source\list.o
                0x08002d08                vListInitialiseItem
 .text.vListInsertEnd
                0x08002d24       0x48 obj\debug\~#\lib\freertosv8.0.1\freertos\source\list.o
                0x08002d24                vListInsertEnd
 .text.vListInsert
                0x08002d6c       0x74 obj\debug\~#\lib\freertosv8.0.1\freertos\source\list.o
                0x08002d6c                vListInsert
 .text.uxListRemove
                0x08002de0       0x58 obj\debug\~#\lib\freertosv8.0.1\freertos\source\list.o
                0x08002de0                uxListRemove
 .text.pxPortInitialiseStack
                0x08002e38       0x64 obj\debug\~#\lib\freertosv8.0.1\freertos\source\portable\gcc\arm_cm3\port.o
                0x08002e38                pxPortInitialiseStack
 .text.prvTaskExitError
                0x08002e9c        0xc obj\debug\~#\lib\freertosv8.0.1\freertos\source\portable\gcc\arm_cm3\port.o
 .text.SVC_Handler
                0x08002ea8       0x24 obj\debug\~#\lib\freertosv8.0.1\freertos\source\portable\gcc\arm_cm3\port.o
                0x08002ea8                SVC_Handler
 .text.prvPortStartFirstTask
                0x08002ecc       0x1c obj\debug\~#\lib\freertosv8.0.1\freertos\source\portable\gcc\arm_cm3\port.o
 .text.xPortStartScheduler
                0x08002ee8       0x58 obj\debug\~#\lib\freertosv8.0.1\freertos\source\portable\gcc\arm_cm3\port.o
                0x08002ee8                xPortStartScheduler
 .text.vPortYield
                0x08002f40       0x20 obj\debug\~#\lib\freertosv8.0.1\freertos\source\portable\gcc\arm_cm3\port.o
                0x08002f40                vPortYield
 .text.vPortEnterCritical
                0x08002f60       0x2c obj\debug\~#\lib\freertosv8.0.1\freertos\source\portable\gcc\arm_cm3\port.o
                0x08002f60                vPortEnterCritical
 .text.vPortExitCritical
                0x08002f8c       0x34 obj\debug\~#\lib\freertosv8.0.1\freertos\source\portable\gcc\arm_cm3\port.o
                0x08002f8c                vPortExitCritical
 .text.ulPortSetInterruptMask
                0x08002fc0       0x14 obj\debug\~#\lib\freertosv8.0.1\freertos\source\portable\gcc\arm_cm3\port.o
                0x08002fc0                ulPortSetInterruptMask
 .text.vPortClearInterruptMask
                0x08002fd4        0x8 obj\debug\~#\lib\freertosv8.0.1\freertos\source\portable\gcc\arm_cm3\port.o
                0x08002fd4                vPortClearInterruptMask
 .text.PendSV_Handler
                0x08002fdc       0x44 obj\debug\~#\lib\freertosv8.0.1\freertos\source\portable\gcc\arm_cm3\port.o
                0x08002fdc                PendSV_Handler
 .text.SysTick_Handler
                0x08003020       0x2c obj\debug\~#\lib\freertosv8.0.1\freertos\source\portable\gcc\arm_cm3\port.o
                0x08003020                SysTick_Handler
 .text.vPortSetupTimerInterrupt
                0x0800304c       0x2c obj\debug\~#\lib\freertosv8.0.1\freertos\source\portable\gcc\arm_cm3\port.o
                0x0800304c                vPortSetupTimerInterrupt
 .text.pvPortMalloc
                0x08003078      0x15c obj\debug\~#\lib\freertosv8.0.1\freertos\source\portable\memmang\heap_2.o
                0x08003078                pvPortMalloc
 .text.vPortFree
                0x080031d4       0x88 obj\debug\~#\lib\freertosv8.0.1\freertos\source\portable\memmang\heap_2.o
                0x080031d4                vPortFree
 .text.prvHeapInit
                0x0800325c       0x6c obj\debug\~#\lib\freertosv8.0.1\freertos\source\portable\memmang\heap_2.o
 .text.xQueueGenericReset
                0x080032c8       0xb4 obj\debug\~#\lib\freertosv8.0.1\freertos\source\queue.o
                0x080032c8                xQueueGenericReset
 .text.xQueueGenericCreate
                0x0800337c       0x7c obj\debug\~#\lib\freertosv8.0.1\freertos\source\queue.o
                0x0800337c                xQueueGenericCreate
 .text.xQueueCreateMutex
                0x080033f8       0x98 obj\debug\~#\lib\freertosv8.0.1\freertos\source\queue.o
                0x080033f8                xQueueCreateMutex
 .text.xQueueGenericSend
                0x08003490      0x12c obj\debug\~#\lib\freertosv8.0.1\freertos\source\queue.o
                0x08003490                xQueueGenericSend
 .text.xQueueGenericSendFromISR
                0x080035bc       0x94 obj\debug\~#\lib\freertosv8.0.1\freertos\source\queue.o
                0x080035bc                xQueueGenericSendFromISR
 .text.xQueueGenericReceive
                0x08003650      0x18c obj\debug\~#\lib\freertosv8.0.1\freertos\source\queue.o
                0x08003650                xQueueGenericReceive
 .text.prvCopyDataToQueue
                0x080037dc       0xdc obj\debug\~#\lib\freertosv8.0.1\freertos\source\queue.o
 .text.prvCopyDataFromQueue
                0x080038b8       0x50 obj\debug\~#\lib\freertosv8.0.1\freertos\source\queue.o
 .text.prvUnlockQueue
                0x08003908       0xa0 obj\debug\~#\lib\freertosv8.0.1\freertos\source\queue.o
 .text.prvIsQueueEmpty
                0x080039a8       0x34 obj\debug\~#\lib\freertosv8.0.1\freertos\source\queue.o
 .text.prvIsQueueFull
                0x080039dc       0x38 obj\debug\~#\lib\freertosv8.0.1\freertos\source\queue.o
 .text.xTaskGenericCreate
                0x08003a14      0x188 obj\debug\~#\lib\freertosv8.0.1\freertos\source\tasks.o
                0x08003a14                xTaskGenericCreate
 .text.vTaskDelay
                0x08003b9c       0x5c obj\debug\~#\lib\freertosv8.0.1\freertos\source\tasks.o
                0x08003b9c                vTaskDelay
 .text.vTaskStartScheduler
                0x08003bf8       0x70 obj\debug\~#\lib\freertosv8.0.1\freertos\source\tasks.o
                0x08003bf8                vTaskStartScheduler
 .text.vTaskSuspendAll
                0x08003c68       0x24 obj\debug\~#\lib\freertosv8.0.1\freertos\source\tasks.o
                0x08003c68                vTaskSuspendAll
 .text.xTaskResumeAll
                0x08003c8c      0x160 obj\debug\~#\lib\freertosv8.0.1\freertos\source\tasks.o
                0x08003c8c                xTaskResumeAll
 .text.xTaskIncrementTick
                0x08003dec      0x1e8 obj\debug\~#\lib\freertosv8.0.1\freertos\source\tasks.o
                0x08003dec                xTaskIncrementTick
 .text.vTaskSwitchContext
                0x08003fd4       0xd0 obj\debug\~#\lib\freertosv8.0.1\freertos\source\tasks.o
                0x08003fd4                vTaskSwitchContext
 .text.vTaskPlaceOnEventList
                0x080040a4       0x78 obj\debug\~#\lib\freertosv8.0.1\freertos\source\tasks.o
                0x080040a4                vTaskPlaceOnEventList
 .text.xTaskRemoveFromEventList
                0x0800411c       0xd0 obj\debug\~#\lib\freertosv8.0.1\freertos\source\tasks.o
                0x0800411c                xTaskRemoveFromEventList
 .text.vTaskSetTimeOutState
                0x080041ec       0x30 obj\debug\~#\lib\freertosv8.0.1\freertos\source\tasks.o
                0x080041ec                vTaskSetTimeOutState
 .text.xTaskCheckForTimeOut
                0x0800421c       0x98 obj\debug\~#\lib\freertosv8.0.1\freertos\source\tasks.o
                0x0800421c                xTaskCheckForTimeOut
 .text.vTaskMissedYield
                0x080042b4       0x18 obj\debug\~#\lib\freertosv8.0.1\freertos\source\tasks.o
                0x080042b4                vTaskMissedYield
 .text.prvIdleTask
                0x080042cc       0x24 obj\debug\~#\lib\freertosv8.0.1\freertos\source\tasks.o
 .text.prvInitialiseTCBVariables
                0x080042f0       0xa0 obj\debug\~#\lib\freertosv8.0.1\freertos\source\tasks.o
 .text.prvInitialiseTaskLists
                0x08004390       0x98 obj\debug\~#\lib\freertosv8.0.1\freertos\source\tasks.o
 .text.prvCheckTasksWaitingTermination
                0x08004428        0xc obj\debug\~#\lib\freertosv8.0.1\freertos\source\tasks.o
 .text.prvAddCurrentTaskToDelayedList
                0x08004434       0x8c obj\debug\~#\lib\freertosv8.0.1\freertos\source\tasks.o
 .text.prvAllocateTCBAndStack
                0x080044c0       0x58 obj\debug\~#\lib\freertosv8.0.1\freertos\source\tasks.o
 .text.prvResetNextTaskUnblockTime
                0x08004518       0x5c obj\debug\~#\lib\freertosv8.0.1\freertos\source\tasks.o
 .text.xTaskGetCurrentTaskHandle
                0x08004574       0x20 obj\debug\~#\lib\freertosv8.0.1\freertos\source\tasks.o
                0x08004574                xTaskGetCurrentTaskHandle
 .text.vTaskPriorityInherit
                0x08004594       0xf0 obj\debug\~#\lib\freertosv8.0.1\freertos\source\tasks.o
                0x08004594                vTaskPriorityInherit
 .text.vTaskPriorityDisinherit
                0x08004684       0x98 obj\debug\~#\lib\freertosv8.0.1\freertos\source\tasks.o
                0x08004684                vTaskPriorityDisinherit
 .text.exit     0x0800471c       0x28 c:/skuksenk/tools/emblocks/share/em_armgcc/bin/../lib/gcc/arm-none-eabi/4.7.3/../../../../arm-none-eabi/lib/armv7-m\libc_n.a(lib_a-exit.o)
                0x0800471c                exit
 .text.__libc_init_array
                0x08004744       0x4c c:/skuksenk/tools/emblocks/share/em_armgcc/bin/../lib/gcc/arm-none-eabi/4.7.3/../../../../arm-none-eabi/lib/armv7-m\libc_n.a(lib_a-init.o)
                0x08004744                __libc_init_array
 .text.memcpy   0x08004790       0x12 c:/skuksenk/tools/emblocks/share/em_armgcc/bin/../lib/gcc/arm-none-eabi/4.7.3/../../../../arm-none-eabi/lib/armv7-m\libc_n.a(lib_a-memcpy-stub.o)
                0x08004790                memcpy
 .text.memset   0x080047a2       0x10 c:/skuksenk/tools/emblocks/share/em_armgcc/bin/../lib/gcc/arm-none-eabi/4.7.3/../../../../arm-none-eabi/lib/armv7-m\libc_n.a(lib_a-memset.o)
                0x080047a2                memset
 *fill*         0x080047b2        0x2 
 .text._exit    0x080047b4        0x4 c:/skuksenk/tools/emblocks/share/em_armgcc/bin/../lib/gcc/arm-none-eabi/4.7.3/../../../../arm-none-eabi/lib/armv7-m\libnosys.a(_exit.o)
                0x080047b4                _exit
 *(.init)
 .init          0x080047b8        0x4 c:/skuksenk/tools/emblocks/share/em_armgcc/bin/../lib/gcc/arm-none-eabi/4.7.3/armv7-m/crti.o
                0x080047b8                _init
 .init          0x080047bc        0x8 c:/skuksenk/tools/emblocks/share/em_armgcc/bin/../lib/gcc/arm-none-eabi/4.7.3/armv7-m/crtn.o
 *(.fini)
 .fini          0x080047c4        0x4 c:/skuksenk/tools/emblocks/share/em_armgcc/bin/../lib/gcc/arm-none-eabi/4.7.3/armv7-m/crti.o
                0x080047c4                _fini
 .fini          0x080047c8        0x8 c:/skuksenk/tools/emblocks/share/em_armgcc/bin/../lib/gcc/arm-none-eabi/4.7.3/armv7-m/crtn.o
 *crtbegin.o(.ctors)
 *crtbegin?.o(.ctors)
 *(EXCLUDE_FILE(*crtend.o *crtend?.o) .ctors)
 *(SORT(.ctors.*))
 *(.ctors)
 *crtbegin.o(.dtors)
 *crtbegin?.o(.dtors)
 *(EXCLUDE_FILE(*crtend.o *crtend?.o) .dtors)
 *(SORT(.dtors.*))
 *(.dtors)
 *(.rodata*)
 .rodata        0x080047d0       0x1c obj\debug\src\xbee.o
 .rodata        0x080047ec       0x2c obj\debug\src\main.o
 .rodata.heapSTRUCT_SIZE
                0x08004818        0x2 obj\debug\~#\lib\freertosv8.0.1\freertos\source\portable\memmang\heap_2.o
 *fill*         0x0800481a        0x2 
 .rodata        0x0800481c        0x8 obj\debug\~#\lib\freertosv8.0.1\freertos\source\tasks.o
 .rodata.str1.1
                0x08004824        0x2 c:/skuksenk/tools/emblocks/share/em_armgcc/bin/../lib/gcc/arm-none-eabi/4.7.3/../../../../arm-none-eabi/lib/armv7-m\libc_n.a(lib_a-impure.o)
 *fill*         0x08004826        0x2 
 .rodata._global_impure_ptr
                0x08004828        0x4 c:/skuksenk/tools/emblocks/share/em_armgcc/bin/../lib/gcc/arm-none-eabi/4.7.3/../../../../arm-none-eabi/lib/armv7-m\libc_n.a(lib_a-impure.o)
                0x08004828                _global_impure_ptr
 *(.eh_frame*)
 .eh_frame      0x0800482c        0x0 c:/skuksenk/tools/emblocks/share/em_armgcc/bin/../lib/gcc/arm-none-eabi/4.7.3/armv7-m/crtbegin.o
 .eh_frame      0x0800482c        0x4 c:/skuksenk/tools/emblocks/share/em_armgcc/bin/../lib/gcc/arm-none-eabi/4.7.3/armv7-m/crtend.o

.glue_7         0x08004830        0x0
 .glue_7        0x00000000        0x0 linker stubs

.glue_7t        0x08004830        0x0
 .glue_7t       0x00000000        0x0 linker stubs

.vfp11_veneer   0x08004830        0x0
 .vfp11_veneer  0x00000000        0x0 linker stubs

.v4_bx          0x08004830        0x0
 .v4_bx         0x00000000        0x0 linker stubs

.iplt           0x08004830        0x0
 .iplt          0x00000000        0x0 c:/skuksenk/tools/emblocks/share/em_armgcc/bin/../lib/gcc/arm-none-eabi/4.7.3/armv7-m/crtbegin.o

.ARM.extab
 *(.ARM.extab* .gnu.linkonce.armextab.*)
                0x08004830                __exidx_start = .

.ARM.exidx      0x08004830        0x8
 *(.ARM.exidx* .gnu.linkonce.armexidx.*)
 .ARM.exidx     0x08004830        0x8 c:/skuksenk/tools/emblocks/share/em_armgcc/bin/../lib/gcc/arm-none-eabi/4.7.3/../../../../arm-none-eabi/lib/armv7-m/crt0.o
                0x08004838                __exidx_end = .
                0x08004838                __etext = .

.rel.dyn        0x08004838        0x0
 .rel.iplt      0x00000000        0x0 c:/skuksenk/tools/emblocks/share/em_armgcc/bin/../lib/gcc/arm-none-eabi/4.7.3/armv7-m/crtbegin.o

.data           0x20000000       0x78 load address 0x08004838
                0x20000000                __data_start__ = .
 *(vtable)
 *(.data*)
 .data.tx_frame_id
                0x20000000        0x1 obj\debug\src\xbee.o
                0x20000000                tx_frame_id
 .data.ServoDir
                0x20000001        0x1 obj\debug\src\main.o
                0x20000001                ServoDir
 *fill*         0x20000002        0x2 
 .data.uxCriticalNesting
                0x20000004        0x4 obj\debug\~#\lib\freertosv8.0.1\freertos\source\portable\gcc\arm_cm3\port.o
 .data.xFreeBytesRemaining
                0x20000008        0x4 obj\debug\~#\lib\freertosv8.0.1\freertos\source\portable\memmang\heap_2.o
 .data.xNextTaskUnblockTime
                0x2000000c        0x4 obj\debug\~#\lib\freertosv8.0.1\freertos\source\tasks.o
 .data.impure_data
                0x20000010       0x60 c:/skuksenk/tools/emblocks/share/em_armgcc/bin/../lib/gcc/arm-none-eabi/4.7.3/../../../../arm-none-eabi/lib/armv7-m\libc_n.a(lib_a-impure.o)
                0x20000070                . = ALIGN (0x4)
                0x20000070                PROVIDE (__preinit_array_start, .)
 *(.preinit_array)
                0x20000070                PROVIDE (__preinit_array_end, .)
                0x20000070                . = ALIGN (0x4)
                0x20000070                PROVIDE (__init_array_start, .)
 *(SORT(.init_array.*))
 *(.init_array)
 .init_array    0x20000070        0x4 c:/skuksenk/tools/emblocks/share/em_armgcc/bin/../lib/gcc/arm-none-eabi/4.7.3/armv7-m/crtbegin.o
                0x20000074                PROVIDE (__init_array_end, .)
                0x20000074                . = ALIGN (0x4)
                0x20000074                PROVIDE (__fini_array_start, .)
 *(SORT(.fini_array.*))
 *(.fini_array)
 .fini_array    0x20000074        0x4 c:/skuksenk/tools/emblocks/share/em_armgcc/bin/../lib/gcc/arm-none-eabi/4.7.3/armv7-m/crtbegin.o
                0x20000078                PROVIDE (__fini_array_end, .)
                0x20000078                . = ALIGN (0x4)
                0x20000078                __data_end__ = .

.jcr            0x20000078        0x0 load address 0x080048b0
 .jcr           0x20000078        0x0 c:/skuksenk/tools/emblocks/share/em_armgcc/bin/../lib/gcc/arm-none-eabi/4.7.3/armv7-m/crtbegin.o

.igot.plt       0x20000078        0x0 load address 0x080048b0
 .igot.plt      0x00000000        0x0 c:/skuksenk/tools/emblocks/share/em_armgcc/bin/../lib/gcc/arm-none-eabi/4.7.3/armv7-m/crtbegin.o

.bss            0x20000078     0x3e24 load address 0x080048b0
                0x20000078                __bss_start__ = .
 *(.bss*)
 .bss           0x20000078       0x1c c:/skuksenk/tools/emblocks/share/em_armgcc/bin/../lib/gcc/arm-none-eabi/4.7.3/armv7-m/crtbegin.o
 .bss.xHigherPriorityTaskWoken
                0x20000094        0x4 obj\debug\src\i2c.o
 .bss.dropped_frames
                0x20000098        0x2 obj\debug\src\xbee.o
                0x20000098                dropped_frames
 *fill*         0x2000009a        0x2 
 .bss.sent_frames
                0x2000009c        0x4 obj\debug\src\xbee.o
                0x2000009c                sent_frames
 .bss.ReceivingState
                0x200000a0        0x1 obj\debug\src\xbee.o
                0x200000a0                ReceivingState
 .bss.ByteReceived
                0x200000a1        0x1 obj\debug\src\xbee.o
                0x200000a1                ByteReceived
 *fill*         0x200000a2        0x2 
 .bss.xHigherPriorityTaskWoken.5779
                0x200000a4        0x4 obj\debug\src\xbee.o
 .bss.ServoValue
                0x200000a8        0x2 obj\debug\src\main.o
                0x200000a8                ServoValue
 .bss.Range     0x200000aa        0x2 obj\debug\src\main.o
                0x200000aa                Range
 .bss.ucHeap    0x200000ac     0x3c00 obj\debug\~#\lib\freertosv8.0.1\freertos\source\portable\memmang\heap_2.o
 .bss.xStart    0x20003cac        0x8 obj\debug\~#\lib\freertosv8.0.1\freertos\source\portable\memmang\heap_2.o
 .bss.xEnd      0x20003cb4        0x8 obj\debug\~#\lib\freertosv8.0.1\freertos\source\portable\memmang\heap_2.o
 .bss.xHeapHasBeenInitialised.4563
                0x20003cbc        0x4 obj\debug\~#\lib\freertosv8.0.1\freertos\source\portable\memmang\heap_2.o
 .bss.pxCurrentTCB
                0x20003cc0        0x4 obj\debug\~#\lib\freertosv8.0.1\freertos\source\tasks.o
                0x20003cc0                pxCurrentTCB
 .bss.pxReadyTasksLists
                0x20003cc4       0x64 obj\debug\~#\lib\freertosv8.0.1\freertos\source\tasks.o
 .bss.xDelayedTaskList1
                0x20003d28       0x14 obj\debug\~#\lib\freertosv8.0.1\freertos\source\tasks.o
 .bss.xDelayedTaskList2
                0x20003d3c       0x14 obj\debug\~#\lib\freertosv8.0.1\freertos\source\tasks.o
 .bss.pxDelayedTaskList
                0x20003d50        0x4 obj\debug\~#\lib\freertosv8.0.1\freertos\source\tasks.o
 .bss.pxOverflowDelayedTaskList
                0x20003d54        0x4 obj\debug\~#\lib\freertosv8.0.1\freertos\source\tasks.o
 .bss.xPendingReadyList
                0x20003d58       0x14 obj\debug\~#\lib\freertosv8.0.1\freertos\source\tasks.o
 .bss.xSuspendedTaskList
                0x20003d6c       0x14 obj\debug\~#\lib\freertosv8.0.1\freertos\source\tasks.o
 .bss.uxCurrentNumberOfTasks
                0x20003d80        0x4 obj\debug\~#\lib\freertosv8.0.1\freertos\source\tasks.o
 .bss.xTickCount
                0x20003d84        0x4 obj\debug\~#\lib\freertosv8.0.1\freertos\source\tasks.o
 .bss.uxTopReadyPriority
                0x20003d88        0x4 obj\debug\~#\lib\freertosv8.0.1\freertos\source\tasks.o
 .bss.xSchedulerRunning
                0x20003d8c        0x4 obj\debug\~#\lib\freertosv8.0.1\freertos\source\tasks.o
 .bss.uxPendedTicks
                0x20003d90        0x4 obj\debug\~#\lib\freertosv8.0.1\freertos\source\tasks.o
 .bss.xYieldPending
                0x20003d94        0x4 obj\debug\~#\lib\freertosv8.0.1\freertos\source\tasks.o
 .bss.xNumOfOverflows
                0x20003d98        0x4 obj\debug\~#\lib\freertosv8.0.1\freertos\source\tasks.o
 .bss.uxTaskNumber
                0x20003d9c        0x4 obj\debug\~#\lib\freertosv8.0.1\freertos\source\tasks.o
 .bss.uxSchedulerSuspended
                0x20003da0        0x4 obj\debug\~#\lib\freertosv8.0.1\freertos\source\tasks.o
 *(COMMON)
 COMMON         0x20003da4       0x30 obj\debug\src\i2c.o
                0x20003da4                I2C2_rx_msg_queue
                0x20003da8                I2C1_Mutex
                0x20003dac                I2C2_DataFrame
                0x20003dbc                I2C2_Mutex
                0x20003dc0                I2C1_rx_msg_queue
                0x20003dc4                I2C1_DataFrame
 COMMON         0x20003dd4       0x9c obj\debug\src\xbee.o
                0x20003dd4                cur_tx_message
                0x20003de0                tx_frame
                0x20003de8                xb_rx_msg_queue
                0x20003dec                rx_frame
                0x20003df4                xb_tx_msg_queue
                0x20003df8                xb_tx_buffer
                0x20003e68                XB_send_Semaphore
                0x20003e6c                xb_received_frames
 COMMON         0x20003e70       0x2c obj\debug\src\main.o
                0x20003e70                Params
                0x20003e74                Buf_Tx
                0x20003e78                strResult1
                0x20003e94                XBMutex
                0x20003e98                SonarMutex
                0x20003e9c                __bss_end__ = .

.heap           0x20003ea0        0x0
                0x20003ea0                __end__ = .
                0x20003ea0                end = __end__
 *(.heap*)
 .heap          0x20003ea0        0x0 obj\debug\src\startup_stm32f10x_md.o
                0x20003ea0                __HeapLimit = .

.stack_dummy    0x20003ea0      0x100
 *(.stack)
 .stack         0x20003ea0      0x100 obj\debug\src\startup_stm32f10x_md.o
                0x20005000                __StackTop = (ORIGIN (RAM) + 0x5000)
                0x20004f00                __StackLimit = (__StackTop - SIZEOF (.stack_dummy))
                0x20005000                PROVIDE (__stack, __StackTop)
                0x00000001                ASSERT ((__StackLimit >= __HeapLimit), region RAM overflowed with stack)
LOAD obj\debug\src\i2c.o
LOAD obj\debug\src\xbee.o
LOAD obj\debug\src\main.o
LOAD obj\debug\src\startup_stm32f10x_md.o
LOAD obj\debug\src\stm32f10x_it.o
LOAD obj\debug\src\system_stm32f10x.o
LOAD obj\debug\~#\lib\freertosv8.0.1\freertos\source\list.o
LOAD obj\debug\~#\lib\freertosv8.0.1\freertos\source\portable\gcc\arm_cm3\port.o
LOAD obj\debug\~#\lib\freertosv8.0.1\freertos\source\portable\memmang\heap_2.o
LOAD obj\debug\~#\lib\freertosv8.0.1\freertos\source\queue.o
LOAD obj\debug\~#\lib\freertosv8.0.1\freertos\source\tasks.o
START GROUP
LOAD c:/skuksenk/tools/emblocks/share/em_armgcc/bin/../lib/gcc/arm-none-eabi/4.7.3/armv7-m\libgcc.a
LOAD c:/skuksenk/tools/emblocks/share/em_armgcc/bin/../lib/gcc/arm-none-eabi/4.7.3/../../../../arm-none-eabi/lib/armv7-m\libc_n.a
LOAD c:/skuksenk/tools/emblocks/share/em_armgcc/bin/../lib/gcc/arm-none-eabi/4.7.3/../../../../arm-none-eabi/lib/armv7-m\libg_n.a
LOAD c:/skuksenk/tools/emblocks/share/em_armgcc/bin/../lib/gcc/arm-none-eabi/4.7.3/../../../../arm-none-eabi/lib/armv7-m\libnosys.a
END GROUP
LOAD c:/skuksenk/tools/emblocks/share/em_armgcc/bin/../lib/gcc/arm-none-eabi/4.7.3/armv7-m/crtend.o
LOAD c:/skuksenk/tools/emblocks/share/em_armgcc/bin/../lib/gcc/arm-none-eabi/4.7.3/armv7-m/crtn.o
OUTPUT(bin\Debug\Sonar.elf elf32-littlearm)

.ARM.attributes
                0x00000000       0x29
 .ARM.attributes
                0x00000000       0x1d c:/skuksenk/tools/emblocks/share/em_armgcc/bin/../lib/gcc/arm-none-eabi/4.7.3/armv7-m/crti.o
 .ARM.attributes
                0x0000001d       0x2d c:/skuksenk/tools/emblocks/share/em_armgcc/bin/../lib/gcc/arm-none-eabi/4.7.3/armv7-m/crtbegin.o
 .ARM.attributes
                0x0000004a       0x1b c:/skuksenk/tools/emblocks/share/em_armgcc/bin/../lib/gcc/arm-none-eabi/4.7.3/../../../../arm-none-eabi/lib/armv7-m/crt0.o
 .ARM.attributes
                0x00000065       0x33 obj\debug\src\i2c.o
 .ARM.attributes
                0x00000098       0x33 obj\debug\src\xbee.o
 .ARM.attributes
                0x000000cb       0x33 obj\debug\src\main.o
 .ARM.attributes
                0x000000fe       0x1b obj\debug\src\startup_stm32f10x_md.o
 .ARM.attributes
                0x00000119       0x33 obj\debug\src\stm32f10x_it.o
 .ARM.attributes
                0x0000014c       0x33 obj\debug\src\system_stm32f10x.o
 .ARM.attributes
                0x0000017f       0x33 obj\debug\~#\lib\freertosv8.0.1\freertos\source\list.o
 .ARM.attributes
                0x000001b2       0x33 obj\debug\~#\lib\freertosv8.0.1\freertos\source\portable\gcc\arm_cm3\port.o
 .ARM.attributes
                0x000001e5       0x33 obj\debug\~#\lib\freertosv8.0.1\freertos\source\portable\memmang\heap_2.o
 .ARM.attributes
                0x00000218       0x33 obj\debug\~#\lib\freertosv8.0.1\freertos\source\queue.o
 .ARM.attributes
                0x0000024b       0x33 obj\debug\~#\lib\freertosv8.0.1\freertos\source\tasks.o
 .ARM.attributes
                0x0000027e       0x2d c:/skuksenk/tools/emblocks/share/em_armgcc/bin/../lib/gcc/arm-none-eabi/4.7.3/../../../../arm-none-eabi/lib/armv7-m\libc_n.a(lib_a-exit.o)
 .ARM.attributes
                0x000002ab       0x2d c:/skuksenk/tools/emblocks/share/em_armgcc/bin/../lib/gcc/arm-none-eabi/4.7.3/../../../../arm-none-eabi/lib/armv7-m\libc_n.a(lib_a-impure.o)
 .ARM.attributes
                0x000002d8       0x2d c:/skuksenk/tools/emblocks/share/em_armgcc/bin/../lib/gcc/arm-none-eabi/4.7.3/../../../../arm-none-eabi/lib/armv7-m\libc_n.a(lib_a-init.o)
 .ARM.attributes
                0x00000305       0x2d c:/skuksenk/tools/emblocks/share/em_armgcc/bin/../lib/gcc/arm-none-eabi/4.7.3/../../../../arm-none-eabi/lib/armv7-m\libc_n.a(lib_a-memcpy-stub.o)
 .ARM.attributes
                0x00000332       0x2d c:/skuksenk/tools/emblocks/share/em_armgcc/bin/../lib/gcc/arm-none-eabi/4.7.3/../../../../arm-none-eabi/lib/armv7-m\libc_n.a(lib_a-memset.o)
 .ARM.attributes
                0x0000035f       0x2d c:/skuksenk/tools/emblocks/share/em_armgcc/bin/../lib/gcc/arm-none-eabi/4.7.3/../../../../arm-none-eabi/lib/armv7-m\libnosys.a(_exit.o)
 .ARM.attributes
                0x0000038c       0x2d c:/skuksenk/tools/emblocks/share/em_armgcc/bin/../lib/gcc/arm-none-eabi/4.7.3/armv7-m/crtend.o
 .ARM.attributes
                0x000003b9       0x1d c:/skuksenk/tools/emblocks/share/em_armgcc/bin/../lib/gcc/arm-none-eabi/4.7.3/armv7-m/crtn.o

.comment        0x00000000       0x38
 .comment       0x00000000       0x38 obj\debug\src\i2c.o
                                 0x39 (size before relaxing)
 .comment       0x00000000       0x39 obj\debug\src\xbee.o
 .comment       0x00000000       0x39 obj\debug\src\main.o
 .comment       0x00000000       0x39 obj\debug\src\stm32f10x_it.o
 .comment       0x00000000       0x39 obj\debug\src\system_stm32f10x.o
 .comment       0x00000000       0x39 obj\debug\~#\lib\freertosv8.0.1\freertos\source\list.o
 .comment       0x00000000       0x39 obj\debug\~#\lib\freertosv8.0.1\freertos\source\portable\gcc\arm_cm3\port.o
 .comment       0x00000000       0x39 obj\debug\~#\lib\freertosv8.0.1\freertos\source\portable\memmang\heap_2.o
 .comment       0x00000000       0x39 obj\debug\~#\lib\freertosv8.0.1\freertos\source\queue.o
 .comment       0x00000000       0x39 obj\debug\~#\lib\freertosv8.0.1\freertos\source\tasks.o

.debug_info     0x00000000     0x486f
 .debug_info    0x00000000      0x8a0 obj\debug\src\i2c.o
 .debug_info    0x000008a0      0xd5b obj\debug\src\xbee.o
 .debug_info    0x000015fb      0xad2 obj\debug\src\main.o
 .debug_info    0x000020cd       0x63 obj\debug\src\startup_stm32f10x_md.o
 .debug_info    0x00002130      0x1e2 obj\debug\src\stm32f10x_it.o
 .debug_info    0x00002312      0x4ec obj\debug\src\system_stm32f10x.o
 .debug_info    0x000027fe      0x2d4 obj\debug\~#\lib\freertosv8.0.1\freertos\source\list.o
 .debug_info    0x00002ad2      0x280 obj\debug\~#\lib\freertosv8.0.1\freertos\source\portable\gcc\arm_cm3\port.o
 .debug_info    0x00002d52      0x2fe obj\debug\~#\lib\freertosv8.0.1\freertos\source\portable\memmang\heap_2.o
 .debug_info    0x00003050      0x98f obj\debug\~#\lib\freertosv8.0.1\freertos\source\queue.o
 .debug_info    0x000039df      0xe90 obj\debug\~#\lib\freertosv8.0.1\freertos\source\tasks.o

.debug_abbrev   0x00000000      0xf76
 .debug_abbrev  0x00000000      0x1b8 obj\debug\src\i2c.o
 .debug_abbrev  0x000001b8      0x26a obj\debug\src\xbee.o
 .debug_abbrev  0x00000422      0x1e2 obj\debug\src\main.o
 .debug_abbrev  0x00000604       0x14 obj\debug\src\startup_stm32f10x_md.o
 .debug_abbrev  0x00000618       0xc5 obj\debug\src\stm32f10x_it.o
 .debug_abbrev  0x000006dd      0x153 obj\debug\src\system_stm32f10x.o
 .debug_abbrev  0x00000830       0xc3 obj\debug\~#\lib\freertosv8.0.1\freertos\source\list.o
 .debug_abbrev  0x000008f3      0x17f obj\debug\~#\lib\freertosv8.0.1\freertos\source\portable\gcc\arm_cm3\port.o
 .debug_abbrev  0x00000a72      0x157 obj\debug\~#\lib\freertosv8.0.1\freertos\source\portable\memmang\heap_2.o
 .debug_abbrev  0x00000bc9      0x18d obj\debug\~#\lib\freertosv8.0.1\freertos\source\queue.o
 .debug_abbrev  0x00000d56      0x220 obj\debug\~#\lib\freertosv8.0.1\freertos\source\tasks.o

.debug_loc      0x00000000     0x189c
 .debug_loc     0x00000000      0x170 obj\debug\src\i2c.o
 .debug_loc     0x00000170      0x364 obj\debug\src\xbee.o
 .debug_loc     0x000004d4      0x270 obj\debug\src\main.o
 .debug_loc     0x00000744      0x114 obj\debug\src\stm32f10x_it.o
 .debug_loc     0x00000858       0xc8 obj\debug\src\system_stm32f10x.o
 .debug_loc     0x00000920      0x118 obj\debug\~#\lib\freertosv8.0.1\freertos\source\list.o
 .debug_loc     0x00000a38      0x198 obj\debug\~#\lib\freertosv8.0.1\freertos\source\portable\gcc\arm_cm3\port.o
 .debug_loc     0x00000bd0      0x100 obj\debug\~#\lib\freertosv8.0.1\freertos\source\portable\memmang\heap_2.o
 .debug_loc     0x00000cd0      0x428 obj\debug\~#\lib\freertosv8.0.1\freertos\source\queue.o
 .debug_loc     0x000010f8      0x7a4 obj\debug\~#\lib\freertosv8.0.1\freertos\source\tasks.o

.debug_aranges  0x00000000      0x500
 .debug_aranges
                0x00000000       0x50 obj\debug\src\i2c.o
 .debug_aranges
                0x00000050       0xa0 obj\debug\src\xbee.o
 .debug_aranges
                0x000000f0       0x78 obj\debug\src\main.o
 .debug_aranges
                0x00000168       0x20 obj\debug\src\startup_stm32f10x_md.o
 .debug_aranges
                0x00000188       0x50 obj\debug\src\stm32f10x_it.o
 .debug_aranges
                0x000001d8       0x38 obj\debug\src\system_stm32f10x.o
 .debug_aranges
                0x00000210       0x40 obj\debug\~#\lib\freertosv8.0.1\freertos\source\list.o
 .debug_aranges
                0x00000250       0x88 obj\debug\~#\lib\freertosv8.0.1\freertos\source\portable\gcc\arm_cm3\port.o
 .debug_aranges
                0x000002d8       0x40 obj\debug\~#\lib\freertosv8.0.1\freertos\source\portable\memmang\heap_2.o
 .debug_aranges
                0x00000318       0xb0 obj\debug\~#\lib\freertosv8.0.1\freertos\source\queue.o
 .debug_aranges
                0x000003c8      0x138 obj\debug\~#\lib\freertosv8.0.1\freertos\source\tasks.o

.debug_ranges   0x00000000      0x440
 .debug_ranges  0x00000000       0x40 obj\debug\src\i2c.o
 .debug_ranges  0x00000040       0x90 obj\debug\src\xbee.o
 .debug_ranges  0x000000d0       0x68 obj\debug\src\main.o
 .debug_ranges  0x00000138       0x40 obj\debug\src\stm32f10x_it.o
 .debug_ranges  0x00000178       0x28 obj\debug\src\system_stm32f10x.o
 .debug_ranges  0x000001a0       0x30 obj\debug\~#\lib\freertosv8.0.1\freertos\source\list.o
 .debug_ranges  0x000001d0       0x78 obj\debug\~#\lib\freertosv8.0.1\freertos\source\portable\gcc\arm_cm3\port.o
 .debug_ranges  0x00000248       0x30 obj\debug\~#\lib\freertosv8.0.1\freertos\source\portable\memmang\heap_2.o
 .debug_ranges  0x00000278       0xa0 obj\debug\~#\lib\freertosv8.0.1\freertos\source\queue.o
 .debug_ranges  0x00000318      0x128 obj\debug\~#\lib\freertosv8.0.1\freertos\source\tasks.o

.debug_macro    0x00000000     0xbc78
 .debug_macro   0x00000000      0x1be obj\debug\src\i2c.o
 .debug_macro   0x000001be      0x81a obj\debug\src\i2c.o
 .debug_macro   0x000009d8       0x58 obj\debug\src\i2c.o
 .debug_macro   0x00000a30       0x16 obj\debug\src\i2c.o
 .debug_macro   0x00000a46       0x35 obj\debug\src\i2c.o
 .debug_macro   0x00000a7b       0xa3 obj\debug\src\i2c.o
 .debug_macro   0x00000b1e       0x16 obj\debug\src\i2c.o
 .debug_macro   0x00000b34      0x10e obj\debug\src\i2c.o
 .debug_macro   0x00000c42       0x85 obj\debug\src\i2c.o
 .debug_macro   0x00000cc7       0x4a obj\debug\src\i2c.o
 .debug_macro   0x00000d11       0x52 obj\debug\src\i2c.o
 .debug_macro   0x00000d63       0x16 obj\debug\src\i2c.o
 .debug_macro   0x00000d79       0x43 obj\debug\src\i2c.o
 .debug_macro   0x00000dbc      0x180 obj\debug\src\i2c.o
 .debug_macro   0x00000f3c       0x22 obj\debug\src\i2c.o
 .debug_macro   0x00000f5e       0x5d obj\debug\src\i2c.o
 .debug_macro   0x00000fbb       0x3a obj\debug\src\i2c.o
 .debug_macro   0x00000ff5      0x20f obj\debug\src\i2c.o
 .debug_macro   0x00001204       0x18 obj\debug\src\i2c.o
 .debug_macro   0x0000121c      0xa36 obj\debug\src\i2c.o
 .debug_macro   0x00001c52     0x7ee4 obj\debug\src\i2c.o
 .debug_macro   0x00009b36       0x40 obj\debug\src\i2c.o
 .debug_macro   0x00009b76       0xc4 obj\debug\src\i2c.o
 .debug_macro   0x00009c3a       0xaf obj\debug\src\i2c.o
 .debug_macro   0x00009ce9       0x12 obj\debug\src\i2c.o
 .debug_macro   0x00009cfb       0x1f obj\debug\src\i2c.o
 .debug_macro   0x00009d1a      0x392 obj\debug\src\i2c.o
 .debug_macro   0x0000a0ac       0xb0 obj\debug\src\i2c.o
 .debug_macro   0x0000a15c       0x7e obj\debug\src\i2c.o
 .debug_macro   0x0000a1da       0x1c obj\debug\src\i2c.o
 .debug_macro   0x0000a1f6       0x79 obj\debug\src\i2c.o
 .debug_macro   0x0000a26f       0x69 obj\debug\src\i2c.o
 .debug_macro   0x0000a2d8       0x70 obj\debug\src\i2c.o
 .debug_macro   0x0000a348      0x1e2 obj\debug\src\xbee.o
 .debug_macro   0x0000a52a       0x1c obj\debug\src\xbee.o
 .debug_macro   0x0000a546      0x2a6 obj\debug\src\xbee.o
 .debug_macro   0x0000a7ec       0x10 obj\debug\src\xbee.o
 .debug_macro   0x0000a7fc       0x35 obj\debug\src\xbee.o
 .debug_macro   0x0000a831      0x2b5 obj\debug\src\main.o
 .debug_macro   0x0000aae6       0x44 obj\debug\src\main.o
 .debug_macro   0x0000ab2a      0x209 obj\debug\src\main.o
 .debug_macro   0x0000ad33       0x16 obj\debug\src\main.o
 .debug_macro   0x0000ad49       0x97 obj\debug\src\main.o
 .debug_macro   0x0000ade0       0x10 obj\debug\src\main.o
 .debug_macro   0x0000adf0       0xf5 obj\debug\src\main.o
 .debug_macro   0x0000aee5       0x10 obj\debug\src\main.o
 .debug_macro   0x0000aef5       0x22 obj\debug\src\main.o
 .debug_macro   0x0000af17       0xbd obj\debug\src\main.o
 .debug_macro   0x0000afd4       0x16 obj\debug\src\main.o
 .debug_macro   0x0000afea      0x14a obj\debug\src\main.o
 .debug_macro   0x0000b134       0x22 obj\debug\src\main.o
 .debug_macro   0x0000b156       0xfb obj\debug\src\stm32f10x_it.o
 .debug_macro   0x0000b251      0x16c obj\debug\src\stm32f10x_it.o
 .debug_macro   0x0000b3bd       0x8a obj\debug\src\system_stm32f10x.o
 .debug_macro   0x0000b447      0x130 obj\debug\~#\lib\freertosv8.0.1\freertos\source\list.o
 .debug_macro   0x0000b577      0x144 obj\debug\~#\lib\freertosv8.0.1\freertos\source\portable\gcc\arm_cm3\port.o
 .debug_macro   0x0000b6bb      0x15d obj\debug\~#\lib\freertosv8.0.1\freertos\source\portable\memmang\heap_2.o
 .debug_macro   0x0000b818      0x1bb obj\debug\~#\lib\freertosv8.0.1\freertos\source\queue.o
 .debug_macro   0x0000b9d3      0x1fe obj\debug\~#\lib\freertosv8.0.1\freertos\source\tasks.o
 .debug_macro   0x0000bbd1       0x91 obj\debug\~#\lib\freertosv8.0.1\freertos\source\tasks.o
 .debug_macro   0x0000bc62       0x16 obj\debug\~#\lib\freertosv8.0.1\freertos\source\tasks.o

.debug_line     0x00000000     0x38c1
 .debug_line    0x00000000      0x507 obj\debug\src\i2c.o
 .debug_line    0x00000507      0x701 obj\debug\src\xbee.o
 .debug_line    0x00000c08      0x6ed obj\debug\src\main.o
 .debug_line    0x000012f5       0xa8 obj\debug\src\startup_stm32f10x_md.o
 .debug_line    0x0000139d      0x419 obj\debug\src\stm32f10x_it.o
 .debug_line    0x000017b6      0x330 obj\debug\src\system_stm32f10x.o
 .debug_line    0x00001ae6      0x415 obj\debug\~#\lib\freertosv8.0.1\freertos\source\list.o
 .debug_line    0x00001efb      0x421 obj\debug\~#\lib\freertosv8.0.1\freertos\source\portable\gcc\arm_cm3\port.o
 .debug_line    0x0000231c      0x46d obj\debug\~#\lib\freertosv8.0.1\freertos\source\portable\memmang\heap_2.o
 .debug_line    0x00002789      0x6f9 obj\debug\~#\lib\freertosv8.0.1\freertos\source\queue.o
 .debug_line    0x00002e82      0xa3f obj\debug\~#\lib\freertosv8.0.1\freertos\source\tasks.o

.debug_str      0x00000000    0x3c707
 .debug_str     0x00000000    0x380f1 obj\debug\src\i2c.o
                              0x38344 (size before relaxing)
 .debug_str     0x000380f1     0x12a2 obj\debug\src\xbee.o
                              0x393f5 (size before relaxing)
 .debug_str     0x00039393      0xd1a obj\debug\src\main.o
                              0x39bd6 (size before relaxing)
 .debug_str     0x0003a0ad       0xb8 obj\debug\src\stm32f10x_it.o
                              0x3609e (size before relaxing)
 .debug_str     0x0003a165       0xf6 obj\debug\src\system_stm32f10x.o
                              0x32d9b (size before relaxing)
 .debug_str     0x0003a25b      0x143 obj\debug\~#\lib\freertosv8.0.1\freertos\source\list.o
                               0x6847 (size before relaxing)
 .debug_str     0x0003a39e      0x620 obj\debug\~#\lib\freertosv8.0.1\freertos\source\portable\gcc\arm_cm3\port.o
                               0x5db4 (size before relaxing)
 .debug_str     0x0003a9be      0x3b8 obj\debug\~#\lib\freertosv8.0.1\freertos\source\portable\memmang\heap_2.o
                               0x6e7f (size before relaxing)
 .debug_str     0x0003ad76      0x599 obj\debug\~#\lib\freertosv8.0.1\freertos\source\queue.o
                               0x8abb (size before relaxing)
 .debug_str     0x0003b30f     0x13f8 obj\debug\~#\lib\freertosv8.0.1\freertos\source\tasks.o
                               0x8f77 (size before relaxing)

.debug_frame    0x00000000      0xf80
 .debug_frame   0x00000000       0xe0 obj\debug\src\i2c.o
 .debug_frame   0x000000e0      0x1f4 obj\debug\src\xbee.o
 .debug_frame   0x000002d4      0x17c obj\debug\src\main.o
 .debug_frame   0x00000450       0xb4 obj\debug\src\stm32f10x_it.o
 .debug_frame   0x00000504       0x80 obj\debug\src\system_stm32f10x.o
 .debug_frame   0x00000584       0x9c obj\debug\~#\lib\freertosv8.0.1\freertos\source\list.o
 .debug_frame   0x00000620      0x150 obj\debug\~#\lib\freertosv8.0.1\freertos\source\portable\gcc\arm_cm3\port.o
 .debug_frame   0x00000770       0x9c obj\debug\~#\lib\freertosv8.0.1\freertos\source\portable\memmang\heap_2.o
 .debug_frame   0x0000080c      0x264 obj\debug\~#\lib\freertosv8.0.1\freertos\source\queue.o
 .debug_frame   0x00000a70      0x454 obj\debug\~#\lib\freertosv8.0.1\freertos\source\tasks.o
 .debug_frame   0x00000ec4       0x28 c:/skuksenk/tools/emblocks/share/em_armgcc/bin/../lib/gcc/arm-none-eabi/4.7.3/../../../../arm-none-eabi/lib/armv7-m\libc_n.a(lib_a-exit.o)
 .debug_frame   0x00000eec       0x2c c:/skuksenk/tools/emblocks/share/em_armgcc/bin/../lib/gcc/arm-none-eabi/4.7.3/../../../../arm-none-eabi/lib/armv7-m\libc_n.a(lib_a-init.o)
 .debug_frame   0x00000f18       0x28 c:/skuksenk/tools/emblocks/share/em_armgcc/bin/../lib/gcc/arm-none-eabi/4.7.3/../../../../arm-none-eabi/lib/armv7-m\libc_n.a(lib_a-memcpy-stub.o)
 .debug_frame   0x00000f40       0x20 c:/skuksenk/tools/emblocks/share/em_armgcc/bin/../lib/gcc/arm-none-eabi/4.7.3/../../../../arm-none-eabi/lib/armv7-m\libc_n.a(lib_a-memset.o)
 .debug_frame   0x00000f60       0x20 c:/skuksenk/tools/emblocks/share/em_armgcc/bin/../lib/gcc/arm-none-eabi/4.7.3/../../../../arm-none-eabi/lib/armv7-m\libnosys.a(_exit.o)
